// Jest Snapshot v1, https://goo.gl/fbAQLP

exports[`renderExpenseList 1`] = `
<div>
  <h1>
    Expense List
  </h1>
  <ExpenseListItem
    amount={5000}
    createdAt={0}
    description="Car"
    id="1"
    key="1"
    note="new"
  />
  <ExpenseListItem
    amount={50}
    createdAt={-345600000}
    description="Wash"
    id="2"
    key="2"
    note=""
  />
  <ExpenseListItem
    amount={100}
    createdAt={345600000}
    description="Gym"
    id="3"
    key="3"
    note="membership"
  />
</div>
`;

exports[`renderExpenseList_noExpenses 1`] = `
<div>
  <h1>
    Expense List
  </h1>
  <p>
    No expenses
  </p>
</div>
`;
